as;lkdhkahsdbln;alks'md;/,є

ЛАБА 5 ОПІІІІ
ПОПИТКА НОМЕР 2